// Jest Snapshot v1, https://goo.gl/fbAQLP

exports[`RenderCounter should render the component 1`] = `
<div>
  <span
    class="render-counter absolute h-6 w-6 inline-flex items-center justify-center bg-red-600 bg-opacity-70 cursor-default text-center text-white"
  >
    1
  </span>
</div>
`;
